[forensics][EXPERIMENTAL] classifying the transformation from its endpoints — see examples/bonsai-27b-audit for interpretation
[forensics] language_model.model.layers.0.linear_attn.in_proj_a
[forensics]   projection agree= 76.3% @k=0.5  col-drift=-0.012  spectra=0.997  w-corr=0.796  scale-ratio=0.913±0.105  4th-level=0.00%
[forensics] language_model.model.layers.0.linear_attn.in_proj_b
[forensics]   projection agree= 58.9% @k=0.4  col-drift=-0.005  spectra=0.949  w-corr=0.628  scale-ratio=1.008±0.207  4th-level=0.00%
[forensics] language_model.model.layers.0.linear_attn.in_proj_qkv
[forensics]   projection agree= 88.7% @k=0.5  col-drift=-0.005  spectra=0.999  w-corr=0.866  scale-ratio=0.806±0.042  4th-level=0.00%
[forensics] language_model.model.layers.0.linear_attn.in_proj_z
[forensics]   projection agree= 86.1% @k=0.5  col-drift=-0.003  spectra=0.997  w-corr=0.859  scale-ratio=0.806±0.063  4th-level=0.00%
[forensics] language_model.model.layers.0.linear_attn.out_proj
[forensics]   projection agree= 84.9% @k=0.5  col-drift=-0.002  spectra=nan  w-corr=nan  scale-ratio=0.797±0.034  4th-level=0.00%
[forensics] language_model.model.layers.1.linear_attn.in_proj_a
[forensics]   projection agree= 93.4% @k=0.5  col-drift=-0.007  spectra=nan  w-corr=nan  scale-ratio=0.803±0.058  4th-level=0.00%
[forensics] language_model.model.layers.1.linear_attn.in_proj_b
[forensics]   projection agree= 89.1% @k=0.5  col-drift=-0.008  spectra=nan  w-corr=nan  scale-ratio=0.808±0.058  4th-level=0.00%
[forensics] language_model.model.layers.1.linear_attn.in_proj_qkv
[forensics]   projection agree= 93.5% @k=0.5  col-drift=-0.002  spectra=nan  w-corr=nan  scale-ratio=0.786±0.031  4th-level=0.00%
[forensics] language_model.model.layers.1.linear_attn.in_proj_z
[forensics]   projection agree= 93.3% @k=0.5  col-drift=-0.001  spectra=nan  w-corr=nan  scale-ratio=0.784±0.034  4th-level=0.00%
[forensics] language_model.model.layers.1.linear_attn.out_proj
[forensics]   projection agree= 88.9% @k=0.5  col-drift=+0.041  spectra=nan  w-corr=nan  scale-ratio=0.795±0.032  4th-level=0.00%
[forensics] language_model.model.layers.10.linear_attn.in_proj_a
[forensics]   projection agree= 89.9% @k=0.5  col-drift=+0.008  spectra=nan  w-corr=nan  scale-ratio=0.829±0.063  4th-level=0.00%
[forensics] language_model.model.layers.10.linear_attn.in_proj_b
[forensics]   projection agree= 80.5% @k=0.5  col-drift=-0.017  spectra=nan  w-corr=nan  scale-ratio=0.837±0.060  4th-level=0.00%
[forensics] language_model.model.layers.10.linear_attn.in_proj_qkv
[forensics]   projection agree= 93.9% @k=0.5  col-drift=-0.003  spectra=nan  w-corr=nan  scale-ratio=0.783±0.030  4th-level=0.00%
[forensics] language_model.model.layers.10.linear_attn.in_proj_z
[forensics]   projection agree= 93.9% @k=0.5  col-drift=-0.002  spectra=nan  w-corr=nan  scale-ratio=0.783±0.029  4th-level=0.00%
[forensics] language_model.model.layers.10.linear_attn.out_proj
[forensics]   projection agree= 90.8% @k=0.5  col-drift=+0.013  spectra=nan  w-corr=nan  scale-ratio=0.790±0.030  4th-level=0.00%
[forensics] language_model.model.layers.11.self_attn.k_proj
[forensics]   projection agree= 86.0% @k=0.5  col-drift=+0.002  spectra=nan  w-corr=nan  scale-ratio=0.808±0.039  4th-level=0.00%
[forensics] language_model.model.layers.11.self_attn.o_proj
[forensics]   projection agree= 89.5% @k=0.5  col-drift=-0.027  spectra=nan  w-corr=nan  scale-ratio=0.797±0.031  4th-level=0.00%
[forensics] language_model.model.layers.11.self_attn.q_proj
[forensics]   projection agree= 94.8% @k=0.5  col-drift=-0.003  spectra=nan  w-corr=nan  scale-ratio=0.782±0.051  4th-level=0.00%
[forensics] language_model.model.layers.11.self_attn.v_proj
[forensics]   projection agree= 85.7% @k=0.5  col-drift=+0.004  spectra=nan  w-corr=nan  scale-ratio=0.813±0.039  4th-level=0.00%
[forensics] language_model.model.layers.12.linear_attn.in_proj_a
[forensics]   projection agree= 90.1% @k=0.5  col-drift=-0.008  spectra=nan  w-corr=nan  scale-ratio=0.821±0.049  4th-level=0.00%
[forensics] language_model.model.layers.12.linear_attn.in_proj_b
[forensics]   projection agree= 80.9% @k=0.5  col-drift=-0.008  spectra=nan  w-corr=nan  scale-ratio=0.839±0.058  4th-level=0.00%
[forensics] language_model.model.layers.12.linear_attn.in_proj_qkv
[forensics]   projection agree= 94.0% @k=0.5  col-drift=-0.002  spectra=nan  w-corr=nan  scale-ratio=0.783±0.030  4th-level=0.00%
[forensics] language_model.model.layers.12.linear_attn.in_proj_z
[forensics]   projection agree= 93.5% @k=0.5  col-drift=-0.001  spectra=nan  w-corr=nan  scale-ratio=0.784±0.031  4th-level=0.00%
[forensics] language_model.model.layers.12.linear_attn.out_proj
[forensics]   projection agree= 90.6% @k=0.5  col-drift=-0.042  spectra=nan  w-corr=nan  scale-ratio=0.791±0.031  4th-level=0.00%
[forensics] language_model.model.layers.13.linear_attn.in_proj_a
[forensics]   projection agree= 87.2% @k=0.5  col-drift=-0.016  spectra=nan  w-corr=nan  scale-ratio=0.826±0.060  4th-level=0.00%
[forensics] language_model.model.layers.13.linear_attn.in_proj_b
[forensics]   projection agree= 83.0% @k=0.5  col-drift=+0.000  spectra=nan  w-corr=nan  scale-ratio=0.821±0.070  4th-level=0.00%
[forensics] language_model.model.layers.13.linear_attn.in_proj_qkv
[forensics]   projection agree= 93.6% @k=0.5  col-drift=-0.003  spectra=nan  w-corr=nan  scale-ratio=0.784±0.030  4th-level=0.00%
[forensics] language_model.model.layers.13.linear_attn.in_proj_z
[forensics]   projection agree= 94.5% @k=0.5  col-drift=-0.003  spectra=nan  w-corr=nan  scale-ratio=0.781±0.031  4th-level=0.00%
[forensics] language_model.model.layers.13.linear_attn.out_proj
[forensics]   projection agree= 90.9% @k=0.5  col-drift=+0.000  spectra=nan  w-corr=nan  scale-ratio=0.790±0.031  4th-level=0.00%
[forensics] language_model.model.layers.14.linear_attn.in_proj_a
[forensics]   projection agree= 86.6% @k=0.5  col-drift=-0.008  spectra=nan  w-corr=nan  scale-ratio=0.855±0.133  4th-level=0.00%
[forensics] language_model.model.layers.14.linear_attn.in_proj_b
[forensics]   projection agree= 81.9% @k=0.5  col-drift=-0.002  spectra=nan  w-corr=nan  scale-ratio=0.833±0.073  4th-level=0.00%
[forensics] language_model.model.layers.14.linear_attn.in_proj_qkv
[forensics]   projection agree= 93.9% @k=0.5  col-drift=-0.001  spectra=nan  w-corr=nan  scale-ratio=0.783±0.030  4th-level=0.00%
[forensics] language_model.model.layers.14.linear_attn.in_proj_z
[forensics]   projection agree= 93.6% @k=0.5  col-drift=-0.003  spectra=nan  w-corr=nan  scale-ratio=0.783±0.030  4th-level=0.00%
[forensics] language_model.model.layers.14.linear_attn.out_proj
[forensics]   projection agree= 90.6% @k=0.5  col-drift=+0.006  spectra=nan  w-corr=nan  scale-ratio=0.790±0.031  4th-level=0.00%
[forensics] language_model.model.layers.15.self_attn.k_proj
[forensics]   projection agree= 84.8% @k=0.5  col-drift=-0.002  spectra=nan  w-corr=nan  scale-ratio=0.812±0.035  4th-level=0.00%
[forensics] language_model.model.layers.15.self_attn.o_proj
[forensics]   projection agree= 89.5% @k=0.5  col-drift=+0.007  spectra=nan  w-corr=nan  scale-ratio=0.795±0.031  4th-level=0.00%
[forensics] aggregate: agree=88.3%  drift=-0.003  spectra=0.985  w-corr=0.787
[forensics] VERDICT: weights moved position-independently (training/distillation)
[forensics] (verdict is a heuristic over these fingerprints — read the per-tensor rows before quoting it)
EXIT_OK
